// Jest Snapshot v1, https://goo.gl/fbAQLP

exports[`<App /> renders correctly 1`] = `
<div
  className="App"
>
  <div>
    Foo
  </div>
  <div>
    Bar
  </div>
</div>
`;
