// Jest Snapshot v1, https://goo.gl/fbAQLP

exports[`<ResultsMap /> renders correctly 1`] = `
<div
  className="ResultMap__GoogleMap__element"
/>
`;
